// Jest Snapshot v1, https://goo.gl/fbAQLP

exports[`<JHcomponent /> should render the heading 1`] = `
<main
  class=""
>
  <h1>
    JHcomponent
  </h1>
</main>
`;
